src/app.ts(1,8): error TS2300: Duplicate identifier 'express'.
src/app.ts(2,8): error TS2300: Duplicate identifier 'cors'.
src/app.ts(3,8): error TS2300: Duplicate identifier 'helmet'.
src/app.ts(4,8): error TS2300: Duplicate identifier 'morgan'.
src/app.ts(5,8): error TS2300: Duplicate identifier 'dotenv'.
src/app.ts(6,23): error TS2307: Cannot find module 'swagger-ui-express' or its corresponding type declarations.
src/app.ts(8,8): error TS2300: Duplicate identifier 'routes'.
src/app.ts(9,10): error TS2300: Duplicate identifier 'errorHandler'.
src/app.ts(14,7): error TS2451: Cannot redeclare block-scoped variable 'app'.
src/app.ts(28,16): error TS2528: A module cannot have multiple default exports.
src/app.ts(29,8): error TS2300: Duplicate identifier 'express'.
src/app.ts(30,8): error TS2300: Duplicate identifier 'cors'.
src/app.ts(31,8): error TS2300: Duplicate identifier 'helmet'.
src/app.ts(32,8): error TS2300: Duplicate identifier 'morgan'.
src/app.ts(33,8): error TS2300: Duplicate identifier 'dotenv'.
src/app.ts(35,8): error TS2300: Duplicate identifier 'routes'.
src/app.ts(36,10): error TS2300: Duplicate identifier 'errorHandler'.
src/app.ts(40,7): error TS2451: Cannot redeclare block-scoped variable 'app'.
src/app.ts(60,16): error TS2528: A module cannot have multiple default exports.
src/config/swagger.config.ts(1,26): error TS2307: Cannot find module 'swagger-jsdoc' or its corresponding type declarations.
src/controllers/user.controller.ts(2,34): error TS2307: Cannot find module 'express-serve-static-core' or its corresponding type declarations.
src/services/reward.service.ts(120,7): error TS2554: Expected 1 arguments, but got 3.
src/services/reward.service.ts(133,7): error TS2322: Type 'PaymentResult' is not assignable to type 'string'.
src/services/reward.service.ts(138,63): error TS2345: Argument of type 'PaymentResult' is not assignable to parameter of type 'string'.
src/services/reward.service.ts(149,7): error TS2322: Type 'PaymentResult' is not assignable to type 'string'.
src/services/reward.service.ts(235,35): error TS2339: Property 'getWalletAddress' does not exist on type 'StellarService'.
src/services/reward.service.ts(240,9): error TS2554: Expected 1 arguments, but got 3.
src/services/reward.service.ts(249,9): error TS2322: Type 'PaymentResult' is not assignable to type 'string'.
src/services/stellar.service.ts(29,8): error TS2307: Cannot find module '@stellar/stellar-sdk' or its corresponding type declarations.
src/services/stellar.service.ts(224,36): error TS7006: Parameter 'b' implicitly has an 'any' type.
src/services/webhook.service.ts(1,10): error TS2305: Module '"@prisma/client"' has no exported member 'PrismaClient'.
src/services/webhook.service.ts(1,24): error TS2305: Module '"@prisma/client"' has no exported member 'WebhookEndpoint'.
src/services/webhook.service.ts(1,41): error TS2305: Module '"@prisma/client"' has no exported member 'WebhookDelivery'.
src/services/webhook.service.ts(40,28): error TS7006: Parameter 'endpoint' implicitly has an 'any' type.
src/services/webhook.service.ts(175,54): error TS7006: Parameter 'd' implicitly has an 'any' type.
